
> smart-inventory-frontend@1.0.0 build
> vite build

[36mvite v5.4.21 [32mbuilding for production...[36m[39m
transforming...
[32mΓ£ô[39m 97 modules transformed.
node.exe : [31mx[39m 
Build failed in 901ms
At line:1 char:1
+ & "C:\Program 
Files\nodejs/node.exe" 
"C:\Program 
Files\nodejs/node_mo ...
+ ~~~~~~~~~~~~~~~~~~~~~~~~~~
~~~~~~~~~~~~~~~~~~~~~~~~~~~~
~~~~~~~~~~~~~~~
    + CategoryInfo          
    : NotSpecified: ([31m  
  x[39m Build failed in    
 901ms:String) [], Remot    
eException
    + FullyQualifiedErrorId 
    : NativeCommandError
 
[31merror during build:
[31msrc/pages/Signup.jsx 
(3:9): "signupUser" is not 
exported by "src/api.js", 
imported by 
"src/pages/Signup.jsx".[31m
file: [36mC:/Users/mhdmu/Do
wnloads/smart-inventory-syst
em-main/smart-inventory-syst
em-main/frontend/src/pages/S
ignup.jsx:3:9[31m
[33m
1: import { useState } from 
'react';
2: import { useNavigate, 
Link } from 
'react-router-dom';
3: import { signupUser } 
from '../api';
            ^
4: 
5: const colors = {
[31m
    at getRollupError (file:
///C:/Users/mhdmu/Downloads/
smart-inventory-system-main/
smart-inventory-system-main/
frontend/node_modules/rollup
/dist/es/shared/parseAst.js:
401:41)
    at error (file:///C:/Use
rs/mhdmu/Downloads/smart-inv
entory-system-main/smart-inv
entory-system-main/frontend/
node_modules/rollup/dist/es/
shared/parseAst.js:397:42)
    at Module.error (file://
/C:/Users/mhdmu/Downloads/sm
art-inventory-system-main/sm
art-inventory-system-main/fr
ontend/node_modules/rollup/d
ist/es/shared/node-entry.js:
17022:16)
    at Module.traceVariable 
(file:///C:/Users/mhdmu/Down
loads/smart-inventory-system
-main/smart-inventory-system
-main/frontend/node_modules/
rollup/dist/es/shared/node-e
ntry.js:17478:29)
    at 
ModuleScope.findVariable (fi
le:///C:/Users/mhdmu/Downloa
ds/smart-inventory-system-ma
in/smart-inventory-system-ma
in/frontend/node_modules/rol
lup/dist/es/shared/node-entr
y.js:15141:39)
    at 
FunctionScope.findVariable (
file:///C:/Users/mhdmu/Downl
oads/smart-inventory-system-
main/smart-inventory-system-
main/frontend/node_modules/r
ollup/dist/es/shared/node-en
try.js:5688:38)
    at FunctionBodyScope.fin
dVariable (file:///C:/Users/
mhdmu/Downloads/smart-invent
ory-system-main/smart-invent
ory-system-main/frontend/nod
e_modules/rollup/dist/es/sha
red/node-entry.js:5688:38)
    at ReturnValueScope.find
Variable (file:///C:/Users/m
hdmu/Downloads/smart-invento
ry-system-main/smart-invento
ry-system-main/frontend/node
_modules/rollup/dist/es/shar
ed/node-entry.js:5688:38)
    at FunctionBodyScope.fin
dVariable (file:///C:/Users/
mhdmu/Downloads/smart-invent
ory-system-main/smart-invent
ory-system-main/frontend/nod
e_modules/rollup/dist/es/sha
red/node-entry.js:5688:38)
    at 
BlockScope.findVariable (fil
e:///C:/Users/mhdmu/Download
s/smart-inventory-system-mai
n/smart-inventory-system-mai
n/frontend/node_modules/roll
up/dist/es/shared/node-entry
.js:5688:38)[39m
